// Jest Snapshot v1, https://goo.gl/fbAQLP

exports[`test App should render correctly 1`] = `
<div
  className="App"
>
  <Connect(ErrorModal) />
  <Connect(NewRecipeModal) />
  <div
    className="App-visible"
  >
    <header
      className="App-header"
    >
      <h1
        className="Logo-font"
      >
        HELPANTO
      </h1>
      <p
        className="Subtitle"
      >
        Recipe keeper & cooking assistant
      </p>
    </header>
    <Connect(RecipeList) />
    <Connect(RecipeDetail) />
    <footer
      className="App-header"
      style={
        Object {
          "gridColumn": "1 / 3",
          "gridRow": "3 / 4",
        }
      }
    >
      <p
        className="Logo-font Subtitle"
      >
        HELPANTO
      </p>
    </footer>
  </div>
</div>
`;
